2024-01-06 16:24:21 | INFO | El resultado es: 20.0
2025-11-19 21:40:18 | INFO | El resultado es: 20.0
2025-11-19 21:49:34 | INFO | El resultado es: 10.0
2025-11-19 21:49:56 | ERROR | division by zero
2025-11-19 21:49:56 | ERROR | Traceback (most recent call last):
  File "c:\Users\PC\Desktop\logger\logger_example.py", line 12, in main
    result = number1 / number2
             ~~~~~~~~^~~~~~~~~
ZeroDivisionError: division by zero

2025-11-19 22:10:22 | INFO | El resultado es: Contraseña incorrecta
2025-11-19 22:30:45 | INFO | El resultado es: True
2025-11-19 22:32:47 | INFO | El resultado es: Usuario y contraseña correctos
2025-11-19 22:33:03 | ERROR | cannot access local variable 'result' where it is not associated with a value
2025-11-19 22:33:03 | ERROR | Traceback (most recent call last):
  File "C:\Users\PC\Desktop\logger\logger_example.py", line 15, in incorretUser
    Logger.add_to_log("info", "El resultado es: {}".format(result))
                                                           ^^^^^^
UnboundLocalError: cannot access local variable 'result' where it is not associated with a value

2025-11-19 22:34:43 | INFO | El resultado es: Usuario y contraseña correctos
2025-11-19 22:35:02 | ERROR | cannot access local variable 'result' where it is not associated with a value
2025-11-19 22:35:02 | ERROR | Traceback (most recent call last):
  File "C:\Users\PC\Desktop\logger\logger_example.py", line 15, in incorretUser
    Logger.add_to_log("info", "El resultado es: {}".format(result))
                                                           ^^^^^^
UnboundLocalError: cannot access local variable 'result' where it is not associated with a value

2025-11-19 22:35:37 | ERROR | cannot access local variable 'result' where it is not associated with a value
2025-11-19 22:35:37 | ERROR | Traceback (most recent call last):
  File "C:\Users\PC\Desktop\logger\logger_example.py", line 15, in incorretUser
    Logger.add_to_log("info", "El resultado es: {}".format(result))
                                                           ^^^^^^
UnboundLocalError: cannot access local variable 'result' where it is not associated with a value

2025-11-19 22:35:51 | INFO | El resultado es: Usuario y contraseña correctos
2025-11-19 22:49:53 | INFO | El resultado es: Usuario y contraseña correctos
2025-11-19 22:51:51 | WARNING | El resultado es: Contraseña menor a 6 digitos
2025-11-19 22:52:24 | ERROR | cannot access local variable 'result' where it is not associated with a value
2025-11-19 22:52:24 | ERROR | Traceback (most recent call last):
  File "C:\Users\PC\Desktop\logger\logger_example.py", line 38, in passwordLeng
    Logger.add_to_log("warn", "El resultado es: {}".format(result))
                                                           ^^^^^^
UnboundLocalError: cannot access local variable 'result' where it is not associated with a value

2025-11-19 22:53:19 | INFO | cannot access local variable 'result' where it is not associated with a value
2025-11-19 22:53:19 | INFO | Traceback (most recent call last):
  File "C:\Users\PC\Desktop\logger\logger_example.py", line 38, in passwordLeng
    Logger.add_to_log("warn", "El resultado es: {}".format(result))
                                                           ^^^^^^
UnboundLocalError: cannot access local variable 'result' where it is not associated with a value

2025-11-19 23:01:26 | WARNING | El resultado es: Contraseña menor a 6 digitos
2025-11-19 23:01:43 | INFO | El resultado es: Contraseña mayor a 6 digitos
2025-11-19 23:22:13 | ERROR | cannot access local variable 'result' where it is not associated with a value
2025-11-19 23:22:13 | ERROR | Traceback (most recent call last):
  File "C:\Users\PC\Desktop\logger\logger_example.py", line 15, in incorretUser
    Logger.add_to_log("info", "El resultado es: {}".format(result))
                                                           ^^^^^^
UnboundLocalError: cannot access local variable 'result' where it is not associated with a value

2025-11-19 23:22:13 | INFO | El resultado es: Contraseña mayor a 6 digitos
2025-11-19 23:22:13 | INFO | El resultado es: Contraseña mayor a 6 digitos
2025-11-19 23:40:32 | ERROR | cannot access local variable 'result' where it is not associated with a value
2025-11-19 23:40:32 | ERROR | Traceback (most recent call last):
  File "C:\Users\PC\Desktop\logger\logger_example.py", line 63, in upperCharacter
    Logger.add_to_log("info", "El resultado es: {}".format(result))
                                                           ^^^^^^
UnboundLocalError: cannot access local variable 'result' where it is not associated with a value

2025-11-19 23:40:59 | INFO | El resultado es: Contiene mayuscula
2025-11-19 23:41:16 | INFO | El resultado es: Contiene mayuscula
2025-11-19 23:41:26 | INFO | El resultado es: Contiene mayuscula
2025-11-19 23:42:02 | ERROR | Traceback (most recent call last):
  File "C:\Users\PC\Desktop\logger\logger_example.py", line 63, in upperCharacter
    Logger.add_to_log("info", "El resultado es: {}".format(result))
                                                           ^^^^^^
UnboundLocalError: cannot access local variable 'result' where it is not associated with a value

2025-11-19 23:43:30 | ERROR | No contiene mayuscula: No contiene mayusculas
2025-11-19 23:46:42 | ERROR | La respuesta es: Usuario o contraseña incorrecto
2025-11-19 23:46:56 | INFO | La respuesta es: Usuario y contraseña correctos
2025-11-19 23:47:17 | WARNING | La respuesta es: Contraseña menor a 6 digitos
2025-11-19 23:47:27 | INFO | La respuesta es: Contraseña mayor a 6 digitos
2025-11-19 23:47:38 | INFO | La respuesta es: Contraseña mayor a 6 digitos
2025-11-19 23:48:00 | WARNING | La respuesta es: Contraseña menor a 6 digitos
2025-11-19 23:48:44 | ERROR | La respuesta es: No contiene mayusculas
2025-11-19 23:48:56 | ERROR | La respuesta es: No contiene mayusculas
2025-11-19 23:49:15 | INFO | La respuesta es: Contiene mayuscula
